

==================================================================================
=== CALIBRE::DRC-H SUMMARY REPORT
===
Execution Date/Time:       Tue Sep 14 15:32:36 2021
Calibre Version:           v2015.3_17.12    Wed Aug 5 13:26:19 PDT 2015
Rule File Pathname:        /home/craigmcmahon/elec4609/lab1_2/_calibreDRC.rul_
Rule File Title:           
Layout System:             GDS
Layout Path(s):            ring_oscillator.calibre.db
Layout Primary Cell:       ring_oscillator
Current Directory:         /home/craigmcmahon/elec4609/lab1_2
User Name:                 craigmcmahon
Maximum Results/RuleCheck: 1000
Maximum Result Vertices:   4096
DRC Results Database:      ring_oscillator.drc.results (ASCII)
Layout Depth:              ALL
Text Depth:                PRIMARY
Summary Report File:       ring_oscillator.drc.summary (REPLACE)
Geometry Flagging:         ACUTE = NO  SKEW = NO  ANGLED = NO  OFFGRID = NO
                           NONSIMPLE POLYGON = NO  NONSIMPLE PATH = NO
Excluded Cells:           
CheckText Mapping:         COMMENT TEXT + RULE FILE INFORMATION
Layers:                    MEMORY-BASED
Keep Empty Checks:         YES
----------------------------------------------------------------------------------
--- RUNTIME WARNINGS
---
----------------------------------------------------------------------------------
--- ORIGINAL LAYER STATISTICS
---
LAYER METAL ..... TOTAL Original Geometry Count = 12 (48)
LAYER CONTACT ... TOTAL Original Geometry Count = 9  (29)
LAYER DWELL ..... TOTAL Original Geometry Count = 2  (10)
LAYER POLY ...... TOTAL Original Geometry Count = 6  (22)
LAYER Pplus ..... TOTAL Original Geometry Count = 1  (5)
LAYER NWELL ..... TOTAL Original Geometry Count = 1  (5)
LAYER Nplus ..... TOTAL Original Geometry Count = 0  (0)
LAYER ART ....... TOTAL Original Geometry Count = 0  (0)
----------------------------------------------------------------------------------
--- RULECHECK RESULTS STATISTICS
---
RULECHECK METAL_WIDTH ........................ TOTAL Result Count = 0 (0)
RULECHECK METAL_SPACING ...................... TOTAL Result Count = 0 (0)
RULECHECK POLY_WIDTH ......................... TOTAL Result Count = 0 (0)
RULECHECK POLY_SPACING ....................... TOTAL Result Count = 0 (0)
RULECHECK FIELD_POLY_DWELL_SPACING ........... TOTAL Result Count = 0 (0)
RULECHECK FIELD_POLY_SOURCE_DRAIN_TOUCHING ... TOTAL Result Count = 0 (0)
RULECHECK DWELL_WIDTH ........................ TOTAL Result Count = 0 (0)
RULECHECK DWELL_SPACING ...................... TOTAL Result Count = 0 (0)
RULECHECK CONTACT_WIDTH ...................... TOTAL Result Count = 0 (0)
RULECHECK CONTACT_METAL_OVERLAP .............. TOTAL Result Count = 0 (0)
RULECHECK CONTACT_POLY_OVERLAP ............... TOTAL Result Count = 0 (0)
RULECHECK CHANNEL_CONTACT_SPACING ............ TOTAL Result Count = 0 (0)
RULECHECK CONTACT_D_WELL_OVERLAP ............. TOTAL Result Count = 0 (0)
RULECHECK NWELL_DWELL_OVERLAP.1 .............. TOTAL Result Count = 0 (0)
RULECHECK NWELL_DWELL_OVERLAP.2 .............. TOTAL Result Count = 0 (0)
RULECHECK Pplus_NWELL_OVERLAP.2 .............. TOTAL Result Count = 0 (0)
RULECHECK Pplus_P_SOURCE_DRAIN_ENCLOSURE ..... TOTAL Result Count = 0 (0)
RULECHECK Pplus_DWELL_OVERLAP.2 .............. TOTAL Result Count = 0 (0)
RULECHECK Pplus_N_SOURCE_DRAIN_SPACING ....... TOTAL Result Count = 0 (0)
RULECHECK BAD_GATE.1 ......................... TOTAL Result Count = 0 (0)
RULECHECK BAD_GATE.2 ......................... TOTAL Result Count = 0 (0)
RULECHECK BAD_GATE.3 ......................... TOTAL Result Count = 0 (0)
RULECHECK Grid.1 ............................. TOTAL Result Count = 0 (0)
RULECHECK Grid.2 ............................. TOTAL Result Count = 0 (0)
RULECHECK Grid.3 ............................. TOTAL Result Count = 0 (0)
RULECHECK Grid.4 ............................. TOTAL Result Count = 0 (0)
RULECHECK Grid.5 ............................. TOTAL Result Count = 0 (0)
RULECHECK Grid.6 ............................. TOTAL Result Count = 0 (0)
RULECHECK Grid.7 ............................. TOTAL Result Count = 0 (0)
RULECHECK ART_TO_METAL ....................... TOTAL Result Count = 0 (0)
RULECHECK ART_TO_POLY ........................ TOTAL Result Count = 0 (0)
RULECHECK ART_TO_DWELL ....................... TOTAL Result Count = 0 (0)
RULECHECK ART_TO_NPLUS ....................... TOTAL Result Count = 0 (0)
RULECHECK ART_TO_PPLUS ....................... TOTAL Result Count = 0 (0)
RULECHECK ART_TO_CONTACT ..................... TOTAL Result Count = 0 (0)
RULECHECK ART_TO_NWELL ....................... TOTAL Result Count = 0 (0)
----------------------------------------------------------------------------------
--- RULECHECK RESULTS STATISTICS (BY CELL)
---
----------------------------------------------------------------------------------
--- SUMMARY
---
TOTAL CPU Time:                  0
TOTAL REAL Time:                 0
TOTAL Original Layer Geometries: 31 (119)
TOTAL DRC RuleChecks Executed:   36
TOTAL DRC Results Generated:     0 (0)
